2026-09-20T10:31:02.0000001Z ##[group]Run npx playwright test
2026-09-20T10:31:02.0000002Z npx playwright test
2026-09-20T10:31:02.0000003Z ##[endgroup]
2026-09-20T10:31:04.0000000Z
2026-09-20T10:31:04.0000001Z Running 7 tests using 2 workers
2026-09-20T10:31:04.0000002Z
2026-09-20T10:31:09.0000000Z   ✘  1 [chromium] › tests/cart.spec.ts:12:5 › cart › adds an item (5.1s)
2026-09-20T10:31:09.1000000Z   ✓  2 [chromium] › tests/cart.spec.ts:20:5 › cart › starts empty (1.2s)
2026-09-20T10:31:10.0000000Z   ✘  3 [firefox] › tests/checkout.spec.ts:8:3 › checkout › pays by card (4.0s)
2026-09-20T10:31:12.0000000Z   ✓  4 [firefox] › tests/checkout.spec.ts:8:3 › checkout › pays by card (retry #1) (2.1s)
2026-09-20T10:31:14.0000000Z   ✘  5 [chromium] › tests/cart.spec.ts:12:5 › cart › adds an item (retry #1) (5.0s)
2026-09-20T10:31:15.0000000Z   ✓  6 [firefox] › tests/cart.spec.ts:20:5 › cart › starts empty (1.1s)
2026-09-20T10:31:16.0000000Z   -  7 [webkit] › tests/cart.spec.ts:40:5 › cart › shares the cart
2026-09-20T10:31:16.0000001Z
2026-09-20T10:31:16.0000002Z
2026-09-20T10:31:16.0000003Z   1) [chromium] › tests/cart.spec.ts:12:5 › cart › adds an item ────────────────────────────────────
2026-09-20T10:31:16.0000004Z
2026-09-20T10:31:16.0000005Z     Error: Timed out 5000ms waiting for expect(locator).toHaveText(expected)
2026-09-20T10:31:16.0000006Z
2026-09-20T10:31:16.0000007Z     Locator: getByTestId('cart-size')
2026-09-20T10:31:16.0000008Z     Expected string: "3"
2026-09-20T10:31:16.0000009Z     Received string: "2"
2026-09-20T10:31:16.0000010Z
2026-09-20T10:31:16.0000011Z       12 |   await page.getByRole('button', { name: 'Add' }).click();
2026-09-20T10:31:16.0000012Z     > 13 |   await expect(page.getByTestId('cart-size')).toHaveText('3');
2026-09-20T10:31:16.0000013Z          |                                                ^
2026-09-20T10:31:16.0000014Z
2026-09-20T10:31:16.0000015Z         at /home/runner/work/widgets/widgets/tests/cart.spec.ts:13:48
2026-09-20T10:31:16.0000016Z
2026-09-20T10:31:16.0000017Z     Retry #1 ───────────────────────────────────────────────────────────────────────────────────────
2026-09-20T10:31:16.0000018Z
2026-09-20T10:31:16.0000019Z     Error: Timed out 5000ms waiting for expect(locator).toHaveText(expected)
2026-09-20T10:31:16.0000020Z
2026-09-20T10:31:16.0000021Z   2) [firefox] › tests/checkout.spec.ts:8:3 › checkout › pays by card ──────────────────────────────
2026-09-20T10:31:16.0000022Z
2026-09-20T10:31:16.0000023Z     Error: card declined
2026-09-20T10:31:16.0000024Z
2026-09-20T10:31:16.0000025Z   1 failed
2026-09-20T10:31:16.0000026Z     [chromium] › tests/cart.spec.ts:12:5 › cart › adds an item ─────────────────────────────────────
2026-09-20T10:31:16.0000027Z   1 flaky
2026-09-20T10:31:16.0000028Z     [firefox] › tests/checkout.spec.ts:8:3 › checkout › pays by card ───────────────────────────────
2026-09-20T10:31:16.0000029Z   1 skipped
2026-09-20T10:31:16.0000030Z   3 passed (14.2s)
2026-09-20T10:31:16.1000000Z ##[error]Process completed with exit code 1.
